C:\MinGW\bin\g++ : In 
file included from 
src/interpreter.h:3:0,
At line:1 char:1
+ C:\MinGW\bin\g++ 
-std=c++14 -o 
chennai_lang.exe 
src/main.cpp src/lexe 
...
+ ~~~~~~~~~~~~~~~~~~~~~
~~~~~~~~~~~~~~~~~~~~~~~
~~~~~~~~~~~~~~~~~~~~~~~
~~
    + CategoryInfo     
         : NotSpecifi  
  ed: (In file inclu   
 de...erpreter.h:3:    
0,:String) [], Rem    
oteException
    + FullyQualifiedEr 
   rorId : NativeComm  
  andError
 
                 from 
src/main.cpp:7:
src/value.h:4:19: 
fatal error: variant: 
No such file or 
directory
 #include <variant>
                   ^
compilation terminated.
In file included from 
src/interpreter.h:3:0,
                 from 
src/interpreter.cpp:1:
src/value.h:4:19: 
fatal error: variant: 
No such file or 
directory
 #include <variant>
                   ^
compilation terminated.
